Microchip MPLAB XC8 Compiler V2.46

Linker command line:

-W-3 \
  --edf=C:\Program Files\Microchip\xc8\v2.46\pic\dat\20240104201356_en.msgs \
  -cn -h+dist/default/debug\watchdog.X.debug.sym \
  --cmf=dist/default/debug\watchdog.X.debug.cmf -z -Q18F46K20 \
  -oC:\Users\moham\AppData\Local\Temp\xcAsnqg.\driver_tmp_3.o \
  --defsym=__MPLAB_BUILD=1 --fixupoverflow=error \
  -Mdist/default/debug/watchdog.X.debug.map \
  --md=C:\Users\moham\AppData\Local\Temp\xcAsnqg.\driver_tmp_0.dat -E1 \
  -ver=XC8 Compiler --acfsm=1493 -ACODE=00h-0FFFFh -ACONST=00h-0FFFFh \
  -ASMALLCONST=01000h-010FFhx240 -AMEDIUMCONST=01000h-0FFFFh \
  -ACOMRAM=01h-05Fh -AABS1=00h-0F5Fh -ABIGRAM=01h-0F5Fh \
  -ARAM=060h-0FFh,0100h-01FFhx14,0F00h-0F5Fh -ABANK0=060h-0FFh \
  -ABANK1=0100h-01FFh -ABANK2=0200h-02FFh -ABANK3=0300h-03FFh \
  -ABANK4=0400h-04FFh -ABANK5=0500h-05FFh -ABANK6=0600h-06FFh \
  -ABANK7=0700h-07FFh -ABANK8=0800h-08FFh -ABANK9=0900h-09FFh \
  -ABANK10=0A00h-0AFFh -ABANK11=0B00h-0BFFh -ABANK12=0C00h-0CFFh \
  -ABANK13=0D00h-0DFFh -ABANK14=0E00h-0EFFh -ABANK15=0F00h-0F5Fh \
  -ASFR=0F60h-0FFFh -ABIGSFR=0F60h-0FFFh -ACONFIG=0300000h-030000Dh \
  -AIDLOC=0200000h-0200007h -AEEDATA=0F00000h-0F003FFh -peeprom_data=EEDATA \
  -preset_vec=00h,intcode,sivt_hi,intcodelo,sivt_lo,powerup,init \
  -pramtop=01000h -psmallconst=SMALLCONST -pmediumconst=MEDIUMCONST \
  -pconst=CONST -AFARRAM=00h-00h \
  -prdata=COMRAM,nvrram=COMRAM,nvbit=COMRAM,rbss=COMRAM,rbit=COMRAM \
  -pfarbss=FARRAM,fardata=FARRAM,nvFARRAM=FARRAM \
  -pintsave_regs=BIGRAM,bigbss=BIGRAM,bigdata=BIGRAM -pbss=RAM \
  -pidata=CODE,irdata=CODE,ibigdata=CODE,ifardata=CODE -prparam=COMRAM \
  C:\Users\moham\AppData\Local\Temp\xcAsnqg.\driver_tmp_9.o \
  dist/default/debug\watchdog.X.debug.o 

Object code version is 3.11

Machine type is 18F46K20



                Name                               Link     Load   Length Selector   Space Scale
C:\Users\moham\AppData\Local\Temp\xcAsnqg.\driver_tmp_9.o
                config                           300000   300000        4        0       4
                init                                  0        0        4        0       0
dist/default/debug\watchdog.X.debug.o
                config                           300000   300000        4        0       4
                smallconst                         1000     1000        2      800       0
                text9                              10F2     10F2        6      801       0
                text8                              10EC     10EC        6      801       0
                text7                              10D4     10D4        C      801       0
                text6                              10E6     10E6        6      801       0
                text5                              1002     1002       5A      801       0
                text4                              10E0     10E0        6      801       0
                text3                              10F8     10F8        4      801       0
                text2                              108A     108A       20      801       0
                text1                              10AA     10AA       18      801       0
                text0                              105C     105C       2E      801       0
                cstackCOMRAM                          C        C        2        1       1
                bssCOMRAM                             1        1        B        1       1
                cinit                              10C2     10C2       12      801       0

TOTAL           Name                               Link     Load   Length     Space
        CLASS   CODE           
                init                                  0        0        4         0
                text9                              10F2     10F2        6         0
                text8                              10EC     10EC        6         0
                text7                              10D4     10D4        C         0
                text6                              10E6     10E6        6         0
                text5                              1002     1002       5A         0
                text4                              10E0     10E0        6         0
                text3                              10F8     10F8        4         0
                text2                              108A     108A       20         0
                text1                              10AA     10AA       18         0
                text0                              105C     105C       2E         0
                cinit                              10C2     10C2       12         0

        CLASS   CONST          

        CLASS   SMALLCONST     
                smallconst                         1000     1000        2         0

        CLASS   MEDIUMCONST    

        CLASS   COMRAM         
                cstackCOMRAM                          C        C        2         1
                bssCOMRAM                             1        1        B         1

        CLASS   ABS1           

        CLASS   BIGRAM         

        CLASS   RAM            

        CLASS   BANK0          

        CLASS   BANK1          

        CLASS   BANK2          

        CLASS   BANK3          

        CLASS   BANK4          

        CLASS   BANK5          

        CLASS   BANK6          

        CLASS   BANK7          

        CLASS   BANK8          

        CLASS   BANK9          

        CLASS   BANK10         

        CLASS   BANK11         

        CLASS   BANK12         

        CLASS   BANK13         

        CLASS   BANK14         

        CLASS   BANK15         

        CLASS   SFR            

        CLASS   BIGSFR         

        CLASS   CONFIG         
                config                           300000   300000        4         4

        CLASS   IDLOC          

        CLASS   EEDATA         

        CLASS   FARRAM         

        CLASS   HEAP           

        CLASS   STACK          



SEGMENTS        Name                           Load    Length   Top    Selector   Space  Class

                reset_vec                      000000  000004  000004         0       0  CODE    
                bssCOMRAM                      000001  00000D  00000E         1       1  COMRAM  
                smallconst                     001000  000002  001002       800       0  SMALLCON
                text5                          001002  0000FA  0010FC       801       0  CODE    


UNUSED ADDRESS RANGES

        Name                Unused          Largest block    Delta
        BANK0            000060-0000FF               A0
        BANK1            000100-0001FF              100
        BANK10           000A00-000AFF              100
        BANK11           000B00-000BFF              100
        BANK12           000C00-000CFF              100
        BANK13           000D00-000DFF              100
        BANK14           000E00-000EFF              100
        BANK15           000F00-000F5F               60
        BANK2            000200-0002FF              100
        BANK3            000300-0003FF              100
        BANK4            000400-0004FF              100
        BANK5            000500-0005FF              100
        BANK6            000600-0006FF              100
        BANK7            000700-0007FF              100
        BANK8            000800-0008FF              100
        BANK9            000900-0009FF              100
        BIGRAM           00000E-000F5F              F52
        BIGSFR           000F60-000FFF               A0
        CODE             000004-000FFF              FFC
                         0010FC-00FFFF             EF04
        COMRAM           00000E-00005F               52
        CONFIG           300004-30000D                A
        CONST            000004-000FFF              FFC
                         0010FC-00FFFF             EF04
        EEDATA           F00000-F003FF              400
        IDLOC            200000-200007                8
        MEDIUMCONST      0010FC-00FFFF             EF04
        RAM              000060-000F5F              100
        SFR              000F60-000FFF               A0
        SMALLCONST       0010FC-00FFFF              100

                                  Symbol Table

GPIO_Write@PinData                     cstackCOMRAM 00000C
_GPIO_Init                             text9        0010F2
_GPIO_Write                            text7        0010D4
_LATDbits                              (abs)        000F8C
_LEDM_Init                             text8        0010EC
_LEDM_Manage                           text5        001002
_TRISDbits                             (abs)        000F95
_WDGDrv_Init                           text4        0010E0
_WDGDrv_IsrNotification                text2        00108A
_WDGM_AlivenessIndication              text6        0010E6
_WDGM_Init                             text1        0010AA
_WDGM_PovideSuppervisionStatus         text3        0010F8
_WDTCONbits                            (abs)        000FD1
__HRAM                                 (abs)        000000
__H__absolute__                        __absolute__ 000000
__Habs1                                abs1         000000
__Hbank0                               bank0        000000
__Hbank1                               bank1        000000
__Hbank10                              bank10       000000
__Hbank11                              bank11       000000
__Hbank12                              bank12       000000
__Hbank13                              bank13       000000
__Hbank14                              bank14       000000
__Hbank15                              bank15       000000
__Hbank2                               bank2        000000
__Hbank3                               bank3        000000
__Hbank4                               bank4        000000
__Hbank5                               bank5        000000
__Hbank6                               bank6        000000
__Hbank7                               bank7        000000
__Hbank8                               bank8        000000
__Hbank9                               bank9        000000
__Hbigbss                              bigbss       000000
__Hbigdata                             bigdata      000000
__Hbigram                              bigram       000000
__Hbigsfr                              bigsfr       000000
__Hbss                                 bss          000000
__HbssCOMRAM                           bssCOMRAM    000000
__Hcinit                               cinit        000000
__Hclrtext                             clrtext      000000
__Hcomram                              comram       000000
__Hconfig                              config       300004
__Hconst                               const        000000
__HcstackCOMRAM                        cstackCOMRAM 000000
__Hdata                                data         000000
__Heeprom_data                         eeprom_data  000000
__Hfarbss                              farbss       000000
__Hfardata                             fardata      000000
__Hheap                                heap         000000
__Hibigdata                            ibigdata     000000
__Hidata                               idata        000000
__Hidloc                               idloc        000000
__Hifardata                            ifardata     000000
__Hinit                                init         000004
__Hintcode                             intcode      000000
__Hintcode_body                        intcode_body 000000
__Hintcodelo                           intcodelo    000000
__Hintentry                            intentry     000000
__Hintret                              intret       000000
__Hintsave_regs                        intsave_regs 000000
__Hirdata                              irdata       000000
__Hmediumconst                         mediumconst  000000
__HnvFARRAM                            nvFARRAM     000000
__Hnvbit                               nvbit        000000
__Hnvrram                              nvrram       000000
__Hparam                               rparam       000000
__Hpowerup                             powerup      000000
__Hram                                 ram          000000
__Hramtop                              ramtop       001000
__Hrbit                                rbit         000000
__Hrbss                                rbss         000000
__Hrdata                               rdata        000000
__Hreset_vec                           reset_vec    000000
__Hrparam                              rparam       000000
__Hsfr                                 sfr          000000
__Hsivt_hi                             sivt_hi      000000
__Hsivt_lo                             sivt_lo      000000
__Hsmallconst                          smallconst   001002
__Hspace_0                             (abs)        0010FC
__Hspace_1                             (abs)        00000E
__Hspace_2                             (abs)        000000
__Hspace_4                             (abs)        600004
__Hstack                               stack        000000
__Hstruct                              struct       000000
__Htemp                                temp         000000
__Htext                                text         000000
__Htext0                               text0        000000
__Htext1                               text1        000000
__Htext2                               text2        000000
__Htext3                               text3        000000
__Htext4                               text4        000000
__Htext5                               text5        000000
__Htext6                               text6        000000
__Htext7                               text7        000000
__Htext8                               text8        000000
__Htext9                               text9        000000
__LRAM                                 (abs)        000001
__L__absolute__                        __absolute__ 000000
__Labs1                                abs1         000000
__Lbank0                               bank0        000000
__Lbank1                               bank1        000000
__Lbank10                              bank10       000000
__Lbank11                              bank11       000000
__Lbank12                              bank12       000000
__Lbank13                              bank13       000000
__Lbank14                              bank14       000000
__Lbank15                              bank15       000000
__Lbank2                               bank2        000000
__Lbank3                               bank3        000000
__Lbank4                               bank4        000000
__Lbank5                               bank5        000000
__Lbank6                               bank6        000000
__Lbank7                               bank7        000000
__Lbank8                               bank8        000000
__Lbank9                               bank9        000000
__Lbigbss                              bigbss       000000
__Lbigdata                             bigdata      000000
__Lbigram                              bigram       000000
__Lbigsfr                              bigsfr       000000
__Lbss                                 bss          000000
__LbssCOMRAM                           bssCOMRAM    000000
__Lcinit                               cinit        000000
__Lclrtext                             clrtext      000000
__Lcomram                              comram       000000
__Lconfig                              config       000000
__Lconst                               const        000000
__LcstackCOMRAM                        cstackCOMRAM 000000
__Ldata                                data         000000
__Leeprom_data                         eeprom_data  000000
__Lfarbss                              farbss       000000
__Lfardata                             fardata      000000
__Lheap                                heap         000000
__Libigdata                            ibigdata     000000
__Lidata                               idata        000000
__Lidloc                               idloc        000000
__Lifardata                            ifardata     000000
__Linit                                init         000000
__Lintcode                             intcode      000000
__Lintcode_body                        intcode_body 000000
__Lintcodelo                           intcodelo    000000
__Lintentry                            intentry     000000
__Lintret                              intret       000000
__Lintsave_regs                        intsave_regs 000000
__Lirdata                              irdata       000000
__Lmediumconst                         mediumconst  000000
__LnvFARRAM                            nvFARRAM     000000
__Lnvbit                               nvbit        000000
__Lnvrram                              nvrram       000000
__Lparam                               rparam       000000
__Lpowerup                             powerup      000000
__Lram                                 ram          000000
__Lramtop                              ramtop       001000
__Lrbit                                rbit         000000
__Lrbss                                rbss         000000
__Lrdata                               rdata        000000
__Lreset_vec                           reset_vec    000000
__Lrparam                              rparam       000000
__Lsfr                                 sfr          000000
__Lsivt_hi                             sivt_hi      000000
__Lsivt_lo                             sivt_lo      000000
__Lsmallconst                          smallconst   001000
__Lspace_0                             (abs)        000000
__Lspace_1                             (abs)        000000
__Lspace_2                             (abs)        000000
__Lspace_4                             (abs)        000000
__Lstack                               stack        000000
__Lstruct                              struct       000000
__Ltemp                                temp         000000
__Ltext                                text         000000
__Ltext0                               text0        000000
__Ltext1                               text1        000000
__Ltext2                               text2        000000
__Ltext3                               text3        000000
__Ltext4                               text4        000000
__Ltext5                               text5        000000
__Ltext6                               text6        000000
__Ltext7                               text7        000000
__Ltext8                               text8        000000
__Ltext9                               text9        000000
__S0                                   (abs)        0010FC
__S1                                   (abs)        00000E
__S4                                   (abs)        000000
__S5                                   (abs)        000000
___heap_hi                             (abs)        000000
___heap_lo                             (abs)        000000
___inthi_sp                            stack        000000
___inthi_stack_hi                      stack        000000
___inthi_stack_lo                      stack        000000
___intlo_sp                            stack        000000
___intlo_stack_hi                      stack        000000
___intlo_stack_lo                      stack        000000
___param_bank                          (abs)        000000
___rparam_used                         (abs)        000001
___sp                                  stack        000000
___stack_hi                            stack        000000
___stack_lo                            stack        000000
__accesstop                            (abs)        000060
__activetblptr                         (abs)        000000
__end_of_GPIO_Init                     text9        0010F8
__end_of_GPIO_Write                    text7        0010E0
__end_of_LEDM_Init                     text8        0010F2
__end_of_LEDM_Manage                   text5        00105C
__end_of_WDGDrv_Init                   text4        0010E6
__end_of_WDGDrv_IsrNotification        text2        0010AA
__end_of_WDGM_AlivenessIndication      text6        0010EC
__end_of_WDGM_Init                     text1        0010C2
__end_of_WDGM_PovideSuppervisionStatus text3        0010FC
__end_of__initialization               cinit        0010CE
__end_of_main                          text0        00108A
__initialization                       cinit        0010C2
__mediumconst                          mediumconst  000000
__pbssCOMRAM                           bssCOMRAM    000001
__pcinit                               cinit        0010C2
__pcstackCOMRAM                        cstackCOMRAM 00000C
__psmallconst                          smallconst   001000
__ptext0                               text0        00105C
__ptext1                               text1        0010AA
__ptext2                               text2        00108A
__ptext3                               text3        0010F8
__ptext4                               text4        0010E0
__ptext5                               text5        001002
__ptext6                               text6        0010E6
__ptext7                               text7        0010D4
__ptext8                               text8        0010EC
__ptext9                               text9        0010F2
__ramtop                               ramtop       001000
__smallconst                           smallconst   001000
_lastCheckTime                         bssCOMRAM    000003
_ledCounter                            bssCOMRAM    000007
_ledstate                              bssCOMRAM    000009
_main                                  text0        00105C
_mainFuncCalls                         bssCOMRAM    000005
_wdgmStatus                            bssCOMRAM    00000B
_wgdmMainFuncTurn                      bssCOMRAM    000001
end_of_initialization                  cinit        0010CE
intlevel0                              text         000000
intlevel1                              text         000000
intlevel2                              text         000000
intlevel3                              text         000000
isa$std                                (abs)        000001
isa$xinst                              (abs)        000000
stackhi                                (abs)        000000
stacklo                                (abs)        000000
start                                  init         000000
start_initialization                   cinit        0010C2


MODULE INFORMATION

Module		Function		Class		Link	Load	Size
GPIO/WDGM.c
		_WDGM_Init     		CODE           	10AA	0000	24
		_WDGM_AlivenessIndication		CODE           	10E6	0000	6
		_WDGM_PovideSuppervisionStatus		CODE           	10F8	0000	4

GPIO/WDGM.c estimated size: 34

GPIO/WDGDRV.c
		_WDGDrv_IsrNotification		CODE           	108A	0000	32
		_WDGDrv_Init   		CODE           	10E0	0000	6

GPIO/WDGDRV.c estimated size: 38

GPIO/main.c
		_main          		CODE           	105C	0000	46

GPIO/main.c estimated size: 46

shared
		__initialization		CODE           	10C2	0000	12

shared estimated size: 12

GPIO/GPIO.c
		_GPIO_Write    		CODE           	10D4	0000	12
		_GPIO_Init     		CODE           	10F2	0000	6

GPIO/GPIO.c estimated size: 18

GPIO/LEDM.c
		_LEDM_Init     		CODE           	10EC	0000	6
		_LEDM_Manage   		CODE           	1002	0000	90

GPIO/LEDM.c estimated size: 96

